English                                            French                                             Spanish                                            German                                             Italian                                            Greek                                              Latin                                              Japanese                                           Portugese                                          Afrikaans                                          Chinese                                            Irish                                              Norwegian                                          Welsh
-------------------------------------------------- -------------------------------------------------- -------------------------------------------------- -------------------------------------------------- -------------------------------------------------- -------------------------------------------------- -------------------------------------------------- -------------------------------------------------- -------------------------------------------------- -------------------------------------------------- -------------------------------------------------- -------------------------------------------------- -------------------------------------------------- --------------------------------------------------
I do not speak English                             Je ne parle pas français                           Yo no hablo español                                Ich spreche kein Deutsch                           Io non parlo italiano                              Den miloún elleniká                                Ego operor non narro Latin                         Watashi wa nihongo o hanasanai                     Eu não falo Português                              Ek praat nie Afrikaans                             Wo bù huì shuo zhongwén                            Ní féidir liom Gaeilge a labhairt                  Jeg snakker ikke norsk                             Ni allaf siarad Cymraeg
Hello                                              Bonjour                                            Hola                                               Hallo                                              Ciao                                               Geia sas                                           Salve                                              Kon'nichiwa                                        Olá                                                                                                   Ni hao                                             Dia duit                                           Hallo                                              Helo
Goodbye                                            Au revoir                                          Adiós                                              Auf Wiedersehen                                    Addio                                              Antío                                              Vale                                               Sayonara                                           Adeus                                              Totsiens                                           Zàijiàn                                                                                                                                                  

(3 rows affected)


Completion time: 2023-01-27T07:20:02.4510896-06:00
